===exit===
1
===stderr===
Синтаксична помилка (рядок 1, колонка 7): Очікувалась назва змінної після 'нехай'. Знайдено: '5'
Синтаксична помилка (рядок 2, колонка 9): Очікувалось слово 'буде'. Знайдено: 'дорівнює'
Синтаксична помилка (рядок 3, колонка 1): Цей вираз нічого не робить. Можливо, бракує 'показати' або 'стає'
